{
    "@context": "http://localhost/odata/$metadata#Passengers",
    "value": []
}
