{
    "@context": "http://localhost/odata/$metadata#Passengers",
    "value": [
        {
            "id": 3,
            "flight_id": 1,
            "name": "Gamma",
            "dob": "2002-03-03T06:06:06+00:00",
            "age": 2,
            "chips": true,
            "dq": "2002-03-03",
            "in_role": "P4DT32M41S",
            "open_time": "07:07:07.000000",
            "colour": "Blue",
            "sock_colours": "Red,Green,Blue",
            "emails": [
                "gamma@example.com"
            ]
        }
    ],
    "@nextLink": "http://localhost/odata/Passengers/$filter(@b)?%24filter=dob%20gt%202000-01-01&%40b=endswith%28name%2C%20%27a%27%29&top=1&skiptoken=3"
}
