{
    "@context": "http://localhost/odata/$metadata#Passengers",
    "value": [
        {
            "id": 2,
            "flight_id": null,
            "name": "Beta",
            "dob": "2001-02-02T05:05:05+00:00",
            "age": 3,
            "chips": false,
            "dq": "2001-02-02",
            "in_role": "P2DT5H5M5.2999999999884S",
            "open_time": null,
            "colour": null,
            "sock_colours": null,
            "emails": []
        }
    ],
    "@nextLink": "http://localhost/odata/Passengers/$filter(@b)?%24filter=dob%20gt%202000-01-01&%40b=endswith%28name%2C%20%27a%27%29&top=1&skiptoken=2"
}
