1:
    id: 1
    name: Beta
    age: 3
    dob: '2001-02-02T05:05:05+00:00'
    chips: false
    dq: '2001-02-02'
    in_role: P2DT5H5M5.2999999999884S
    open_time: null
    flight_id: null
