2:
    id: 2
    name: Gamma
    age: 2
    dob: '2002-03-03T06:06:06+00:00'
    chips: true
    dq: '2002-03-03'
    in_role: P4DT32M41S
    open_time: '07:07:07.000000'
    flight_id: 1
3:
    id: 3
    name: Delta
    in_role: PT2M7S
    age: null
    dob: null
    chips: null
    dq: null
    open_time: null
    flight_id: null
