1:
    id: 1
    name: Beta
    age: 3
    dob: '2001-02-02T05:05:05+00:00'
    chips: false
    dq: '2001-02-02'
    in_role: P2DT5H5M5.2999999999884S
    open_time: null
    flight_id: null
2:
    id: 2
    name: Gamma
    age: 2
    dob: '2002-03-03T06:06:06+00:00'
    chips: true
    dq: '2002-03-03'
    in_role: P4DT32M41S
    open_time: '07:07:07.000000'
    flight_id: 1
3:
    id: 3
    name: Delta
    in_role: PT2M7S
    age: null
    dob: null
    chips: null
    dq: null
    open_time: null
    flight_id: null
4:
    id: 4
    name: Epsilon
    age: 2.4
    dob: '2003-04-04T07:07:07+00:00'
    dq: '2003-04-04'
    open_time: '23:11:33.000000'
    in_role: PT14M48.9S
    chips: null
    flight_id: null
