{
    "@context": "http://localhost/odata/$metadata#Flights(passengers())",
    "@readLink": "http://localhost/odata/Flights",
    "value": [
        {
            "@type": "#com.example.odata.Flight",
            "@id": "http://localhost/odata/Flights(1)",
            "@readLink": "http://localhost/odata/Flights(1)",
            "id": 1,
            "origin": "lhr",
            "destination": "lax",
            "gate": null,
            "duration": "PT11H25M0S",
            "passengers": [
                {
                    "@type": "#com.example.odata.Passenger",
                    "@id": "http://localhost/odata/Passengers(1)",
                    "@readLink": "http://localhost/odata/Passengers(1)",
                    "id": 1,
                    "flight_id": 1,
                    "name": "Alpha",
                    "dob": "2000-01-01T04:04:04+00:00",
                    "age": 4,
                    "chips": true,
                    "dq": "2000-01-01",
                    "in_role": "P1DT0S",
                    "open_time": "05:05:05.000000",
                    "colour": "Green",
                    "sock_colours": "Green,Blue",
                    "emails": [
                        "alpha@example.com",
                        "alpha@beta.com"
                    ]
                }
            ],
            "passengers@navigationLink": "http://localhost/odata/Flights(1)/passengers",
            "passengers@count": 2,
            "passengers@nextLink": "http://localhost/odata/Flights(1)/passengers?%24count=true&top=1&skiptoken=1"
        },
        {
            "@type": "#com.example.odata.Flight",
            "@id": "http://localhost/odata/Flights(2)",
            "@readLink": "http://localhost/odata/Flights(2)",
            "id": 2,
            "origin": "sam",
            "destination": "rgr",
            "gate": null,
            "duration": "PT39M44S",
            "passengers": [],
            "passengers@navigationLink": "http://localhost/odata/Flights(2)/passengers",
            "passengers@count": 0
        },
        {
            "@type": "#com.example.odata.Flight",
            "@id": "http://localhost/odata/Flights(3)",
            "@readLink": "http://localhost/odata/Flights(3)",
            "id": 3,
            "origin": "sfo",
            "destination": "lax",
            "gate": null,
            "duration": "PT35M33S",
            "passengers": [],
            "passengers@navigationLink": "http://localhost/odata/Flights(3)/passengers",
            "passengers@count": 0
        }
    ]
}
