{
    "@context": "http://localhost/odata/$metadata#Passengers(flight_id,name)",
    "value": [
        {
            "flight_id": 1,
            "name": "Alpha"
        }
    ],
    "@nextLink": "http://localhost/odata/Flights/1/passengers?%24select=flight_id%2Cname&top=1&skiptoken=1"
}
