{
    "@context": "http://localhost/odata/$metadata#Examples/$entity",
    "id": "00000000-0000-0000-0000-000000000000",
    "photo": "iVBORw0KGgoAAAANSUhEUgAAAAoAAAAKCAYAAACNMs+9AAABVGlDQ1BJQ0MgUHJvZmlsZQAAGJV1kE8og3EYxz/7oxVqU9wcdlDISBuhXGZJymENYSfv3s2m9uft3Sut5OzipLg44uzCbqJc3BRRbg5SrqtdWK/n3bCN/H49fT99f9/n19MDdhRNSzuBTNbQIzNT3uWVqNf1ikOe3HgYUNS8FgyH5yTCtzaf8gM2S+8Grb/eSl0vt7u5i5uJvcz26nHyb77ptMYTeVX0Q6pP1XQDbD3C4U1Ds1iKTl2GEt6xOFnjQ4tjNT6tZhYiIeFrYY+aUuLC98K+WIOfbOBMekP9msGavj2RXZy3VKobP2NME2SUwD+5kWouRA6NAjrrJElh4JUuTW6ahPAsWVSG8An7GZYKWPv9vbe6ly7A+BHYD+pe7BnOzsEdrXu9W9BxAleTmqIrP9u0lZ35tYC/xm1FaNk3zdISuPqh8mia70XTrEif4wkuy58CP2Ob+HzW+wAAAFZlWElmTU0AKgAAAAgAAYdpAAQAAAABAAAAGgAAAAAAA5KGAAcAAAASAAAARKACAAQAAAABAAAACqADAAQAAAABAAAACgAAAABBU0NJSQAAAFNjcmVlbnNob3Qapor9AAAB1GlUWHRYTUw6Y29tLmFkb2JlLnhtcAAAAAAAPHg6eG1wbWV0YSB4bWxuczp4PSJhZG9iZTpuczptZXRhLyIgeDp4bXB0az0iWE1QIENvcmUgNi4wLjAiPgogICA8cmRmOlJERiB4bWxuczpyZGY9Imh0dHA6Ly93d3cudzMub3JnLzE5OTkvMDIvMjItcmRmLXN5bnRheC1ucyMiPgogICAgICA8cmRmOkRlc2NyaXB0aW9uIHJkZjphYm91dD0iIgogICAgICAgICAgICB4bWxuczpleGlmPSJodHRwOi8vbnMuYWRvYmUuY29tL2V4aWYvMS4wLyI+CiAgICAgICAgIDxleGlmOlBpeGVsWURpbWVuc2lvbj4xMDwvZXhpZjpQaXhlbFlEaW1lbnNpb24+CiAgICAgICAgIDxleGlmOlBpeGVsWERpbWVuc2lvbj4xMDwvZXhpZjpQaXhlbFhEaW1lbnNpb24+CiAgICAgICAgIDxleGlmOlVzZXJDb21tZW50PlNjcmVlbnNob3Q8L2V4aWY6VXNlckNvbW1lbnQ+CiAgICAgIDwvcmRmOkRlc2NyaXB0aW9uPgogICA8L3JkZjpSREY+CjwveDp4bXBtZXRhPgqu8SWRAAAAHUlEQVQYGWP8/v37fwYiABMRasBKRhXiDSmigwcAQ1oD+K8ptY8AAAAASUVORK5CYII="
}
