{
    "@context": "http://localhost/odata/$metadata#Passengers",
    "value": [
        {
            "id": 1,
            "flight_id": 1,
            "name": "Alpha",
            "dob": "2000-01-01T04:04:04+00:00",
            "age": 4,
            "chips": true,
            "dq": "2000-01-01",
            "in_role": "P1DT0S",
            "open_time": "05:05:05.000000",
            "colour": "Green",
            "sock_colours": "Green,Blue",
            "emails": [
                "alpha@example.com",
                "alpha@beta.com"
            ]
        },
        {
            "id": 2,
            "flight_id": null,
            "name": "Beta",
            "dob": "2001-02-02T05:05:05+00:00",
            "age": 3,
            "chips": false,
            "dq": "2001-02-02",
            "in_role": "P2DT5H5M5.2999999999884S",
            "open_time": null,
            "colour": null,
            "sock_colours": null,
            "emails": []
        }
    ],
    "@nextLink": "http://localhost/odata/Passengers?top=2&skiptoken=2"
}
