{
    "@context": "http://localhost/odata/$metadata#Pets(id)",
    "value": []
}
